// Jest Snapshot v1, https://goo.gl/fbAQLP

exports[`Component is mounted properly 1`] = `
<span id="actionList"><div class="action-list--right"><!----> <div><transition-stub name="action-list__slide-fade"><div class="action-list__item"></div></transition-stub></div><div><transition-stub name="action-list__slide-fade"><div class="action-list__item--left-border"></div></transition-stub></div><div><transition-stub name="action-list__slide-fade"><!----></transition-stub></div><div><transition-stub name="action-list__slide-fade"><!----></transition-stub></div> <div><div class="action-list__item--left-border">
				Mais ações
			</div> <!----></div></div></span>
`;
