// Jest Snapshot v1, https://goo.gl/fbAQLP

exports[`Component is mounted properly 1`] = `
<div>
  <div class="loading-bar__container">
    <div class="loading-bar"></div>
  </div>
</div>
`;
