// Jest Snapshot v1, https://goo.gl/fbAQLP

exports[`Component is mounted properly 1`] = `
<span class="cds-radio"><input type="radio" id="option-1" name="" value="option-1"> <label for="option-1" class="cds-radio__content"><span class="cds-radio__label">
				Opção 1
			</span></label></span>
`;
