// Vitest Snapshot v1, https://vitest.dev/guide/snapshot.html

exports[`BaseMobileInput > renders correctly 1`] = `
"<div data-v-c2ac4e6d="" data-v-06760eb7="" class="flexbox">
  <!-- @slot Slot com o conteÃºdo interno do FlexBox -->
  <div data-v-06760eb7="" class="base-mobile-input base-mobile-input--default">
    <!--v-if--><label data-v-06760eb7="" class="base-mobile-input__label" for="cds-base-mobile-input-0001386f-85dc-46f8-bb8e-388801388382"><span data-v-06760eb7="" class="label__content">Nome <!--v-if--></span></label><input data-v-06760eb7="" id="cds-base-mobile-input-0001386f-85dc-46f8-bb8e-388801388382" class="base-mobile-input__field" type="text">
    <!--v-if-->
    <!--v-if-->
  </div>
  <!--v-if-->
  <!--v-if-->
</div>"
`;
