// Vitest Snapshot v1

exports[`BlockingOverlay > renders correctly 1`] = `"<!--v-if-->"`;
