// Vitest Snapshot v1

exports[`Spacer snapshot test > renders correctly 1`] = `
VueWrapper {
  "__app": {
    "_component": [Object],
    "_container": <div … />,
    "_context": [Object],
    "_instance": [Object],
    "_props": null,
    "_uid": 0,
    "component": [Function],
    "config": [Object],
    "directive": [Function],
    "mixin": [Function],
    "mount": [Function],
    "provide": [Function],
    "unmount": [Function],
    "use": [Function],
    "version": "3.2.37",
  },
  "__setProps": [Function],
  "componentVM": {
    "borderRadiusResolver": "4px",
    "clickable": false,
    "elevated": false,
    "fluid": false,
    "hasOwnProperty": [Function],
    "padding": 4,
    "rounder": [Function],
    "variant": "gray",
    "width": 0,
    "widthResolver": "fit-content",
  },
  "isDisabled": [Function],
  "rootVM": {},
  "wrapperElement": <div
    class="box--gray"
    data-v-f9290560=""
  >
    
    <!--
		Evento emitido quando o wrapper é clicado
		@event click
		@type {Event}
	-->
    <div … />
    
  </div>,
}
`;
