// Vitest Snapshot v1

exports[`Breadcrumb snapshot test > renders correctly 1`] = `
"<nav data-v-1a0f46d9=\\"\\">
  <ul class=\\"breadcrumb\\" data-v-1a0f46d9=\\"\\">
    <li role=\\"presentation\\" data-v-1a0f46d9=\\"\\">
      <!--
		Evento emitido quando o wrapper é clicado
		@event cds-click
		@type {Event}
	-->
      <div class=\\"clickable__container--clickable\\" data-v-1a0f46d9=\\"\\">
        <router-link to=\\"/reports\\" class=\\"breadcrumb__link\\" data-v-1a0f46d9=\\"\\"><svg xmlns=\\"http://www.w3.org/2000/svg\\" width=\\"15\\" height=\\"15\\" viewBox=\\"0 0 24 24\\" aria-labelledby=\\"home-outline\\" role=\\"presentation\\" data-v-1a0f46d9=\\"\\">
            <g fill=\\"currentColor\\"></g>
          </svg>
          <div class=\\"spacer\\" data-v-9cc3ee57=\\"\\" data-v-1a0f46d9=\\"\\">Relatórios</div>
        </router-link>
      </div>
    </li>
    <li role=\\"presentation\\" data-v-1a0f46d9=\\"\\">
      <div class=\\"spacer breadcrumb__item\\" data-v-9cc3ee57=\\"\\" data-v-1a0f46d9=\\"\\"><svg xmlns=\\"http://www.w3.org/2000/svg\\" width=\\"16\\" height=\\"16\\" viewBox=\\"0 0 24 24\\" aria-labelledby=\\"caret-right-outline\\" role=\\"presentation\\" class=\\"breadcrumb__separator\\" data-v-1a0f46d9=\\"\\">
          <g fill=\\"currentColor\\"></g>
        </svg>
        <router-link to=\\"/individualized-reports\\" class=\\"breadcrumb__link\\" data-v-1a0f46d9=\\"\\">
          <!--
		Evento emitido quando o wrapper é clicado
		@event cds-click
		@type {Event}
	-->
          <div class=\\"clickable__container--clickable\\" data-v-1a0f46d9=\\"\\">Relatórios individualizados</div>
        </router-link>
      </div>
    </li>
    <li role=\\"presentation\\" data-v-1a0f46d9=\\"\\">
      <div class=\\"spacer breadcrumb__item\\" data-v-9cc3ee57=\\"\\" data-v-1a0f46d9=\\"\\"><svg xmlns=\\"http://www.w3.org/2000/svg\\" width=\\"16\\" height=\\"16\\" viewBox=\\"0 0 24 24\\" aria-labelledby=\\"caret-right-outline\\" role=\\"presentation\\" class=\\"breadcrumb__separator\\" data-v-1a0f46d9=\\"\\">
          <g fill=\\"currentColor\\"></g>
        </svg>
        <router-link to=\\"/users-reports\\" class=\\"breadcrumb__link\\" data-v-1a0f46d9=\\"\\">
          <!--
		Evento emitido quando o wrapper é clicado
		@event cds-click
		@type {Event}
	-->
          <div class=\\"clickable__container--clickable\\" data-v-1a0f46d9=\\"\\">Relatório de usuários</div>
        </router-link>
      </div>
    </li>
  </ul>
</nav>"
`;
