// Vitest Snapshot v1

exports[`Button > renders correctly 1`] = `
"<button class=\\"button__container button--green--active button-size--md\\" data-v-3c9d0845=\\"\\">
  <!--v-if-->
  <!-- @slot Slot padrão utilizado para exibir texto do botão. -->Botão
</button>"
`;
