// Vitest Snapshot v1

exports[`Card snapshot test > renders correctly 1`] = `
"<div class=\\"box--gray\\" data-v-f9290560=\\"\\" data-v-c6c3362a=\\"\\">
  <!--
		Evento emitido quando o wrapper é clicado
		@event cds-click
		@type {Event}
	-->
  <div class=\\"clickable__container--not-clickable box__container\\" data-v-f9290560=\\"\\">
    <!-- @slot Slot utilizado para renderização do conteúdo interno do Box.-->
    <div class=\\"spacer\\" data-v-9cc3ee57=\\"\\" data-v-f9290560=\\"\\">
      <div class=\\"card__extra-container\\" data-v-c6c3362a=\\"\\">
        <div class=\\"card__extra\\" data-v-c6c3362a=\\"\\">
          <!-- @slot Slot para incluir conteúdo adicional no canto superior direito do card.-->
        </div>
      </div>
      <div class=\\"\\" data-v-c6c3362a=\\"\\">
        <!--v-if-->
        <div class=\\"card__spacer\\" data-v-c6c3362a=\\"\\">
          <div data-v-c6c3362a=\\"\\">
            <p class=\\"card__header\\" data-v-c6c3362a=\\"\\">Card Title</p>
          </div>
          <div data-v-c6c3362a=\\"\\">
            <p class=\\"card__body\\" data-v-c6c3362a=\\"\\">Some quick example text to build on the card title and make up the bulk of the card's content.</p>
          </div>
          <!--v-if-->
        </div>
      </div>
    </div>
  </div>
</div>"
`;
