// Vitest Snapshot v1

exports[`GlobalSearchBar > renders correctly 1`] = `
"<div data-v-961aba3e=\\"\\" class=\\"global-search-bar\\" description=\\"Esta ação afetará o sistema e os arquivos associados.\\">
  <div data-v-961aba3e=\\"\\" class=\\"global-search-bar__backdrop\\">
    <div data-v-c2ac4e6d=\\"\\" data-v-961aba3e=\\"\\" class=\\"flexbox global-search-bar__input\\">
      <!-- @slot Slot com o conteúdo interno do FlexBox --><svg data-v-961aba3e=\\"\\" xmlns=\\"http://www.w3.org/2000/svg\\" width=\\"24\\" height=\\"24\\" viewBox=\\"0 0 24 24\\" aria-labelledby=\\"search-outline\\" role=\\"presentation\\" class=\\"global-search-bar__search-icon\\">
        <g fill=\\"currentColor\\"></g>
      </svg><input data-v-961aba3e=\\"\\" type=\\"text\\" placeholder=\\"Buscar por nome, CPF ou CNS...\\">
      <!--v-if-->
    </div>
    <div data-v-c2ac4e6d=\\"\\" data-v-961aba3e=\\"\\" class=\\"flexbox global-search-bar__results\\">
      <!-- @slot Slot com o conteúdo interno do FlexBox -->
      <div data-v-961aba3e=\\"\\" class=\\"global-search-bar__results-block\\">
        <div data-v-961aba3e=\\"\\" class=\\"divider__container divider__container--inline global-search-bar__divider\\">
          <div>Gestantes</div>
          <hr class=\\"divider\\">
        </div>
        <div data-v-961aba3e=\\"\\" class=\\"global-search-bar__result-item-wrapper\\">
          <!--
							@slot Slot usado para renderizar itens personalizados para os resultados da busca. Dados do item podem ser acessados através da propriedade \`item\`.
						-->
          <div data-v-961aba3e=\\"\\" class=\\"global-search-bar__result-item\\">Carla Santana</div>
        </div>
        <div data-v-961aba3e=\\"\\" class=\\"global-search-bar__result-item-wrapper\\">
          <!--
							@slot Slot usado para renderizar itens personalizados para os resultados da busca. Dados do item podem ser acessados através da propriedade \`item\`.
						-->
          <div data-v-961aba3e=\\"\\" class=\\"global-search-bar__result-item\\">Carliane Ferreira</div>
        </div>
        <div data-v-961aba3e=\\"\\" class=\\"global-search-bar__result-item-wrapper\\">
          <!--
							@slot Slot usado para renderizar itens personalizados para os resultados da busca. Dados do item podem ser acessados através da propriedade \`item\`.
						-->
          <div data-v-961aba3e=\\"\\" class=\\"global-search-bar__result-item\\">Fernanda Cardoso da Fonseca</div>
        </div>
        <div data-v-961aba3e=\\"\\" class=\\"global-search-bar__result-item-wrapper\\">
          <!--
							@slot Slot usado para renderizar itens personalizados para os resultados da busca. Dados do item podem ser acessados através da propriedade \`item\`.
						-->
          <div data-v-961aba3e=\\"\\" class=\\"global-search-bar__result-item\\">Rafael Assunção</div>
        </div>
        <!--v-if-->
      </div>
      <div data-v-961aba3e=\\"\\" class=\\"global-search-bar__results-block\\">
        <div data-v-961aba3e=\\"\\" class=\\"divider__container divider__container--inline global-search-bar__divider\\">
          <div>Métricas</div>
          <hr class=\\"divider\\">
        </div>
        <div data-v-961aba3e=\\"\\" class=\\"global-search-bar__result-item-wrapper\\">
          <!--
							@slot Slot usado para renderizar itens personalizados para os resultados da busca. Dados do item podem ser acessados através da propriedade \`item\`.
						-->
          <div data-v-961aba3e=\\"\\" class=\\"global-search-bar__result-item\\">Nº de pessoas</div>
        </div>
        <div data-v-961aba3e=\\"\\" class=\\"global-search-bar__result-item-wrapper\\">
          <!--
							@slot Slot usado para renderizar itens personalizados para os resultados da busca. Dados do item podem ser acessados através da propriedade \`item\`.
						-->
          <div data-v-961aba3e=\\"\\" class=\\"global-search-bar__result-item\\">Nº de crianças</div>
        </div>
        <!--v-if-->
      </div>
    </div>
  </div>
</div>"
`;
