// Vitest Snapshot v1

exports[`IconButton > renders correctly 1`] = `"<span data-v-f6045c74=\\"\\" id=\\"cds-icon-button\\"><cds-tooltip-stub data-v-f6045c74=\\"\\" position=\\"top\\" slim=\\"false\\"></cds-tooltip-stub></span>"`;
