// Vitest Snapshot v1, https://vitest.dev/guide/snapshot.html

exports[`CdsNumberInput > renders correctly 1`] = `
"<div id="number-input">
  <div data-v-82c69faf="" money="false" linkurl="https://cuida.framer.wiki/" mobile="false">
    <!--v-if--><label data-v-c1eb01da="" data-v-82c69faf="" class="label"><span data-v-c1eb01da="" class="label__content">Valor <!--v-if--><!--v-if--></span>
      <!--v-if-->
    </label>
    <div data-v-82c69faf="" class="base-input base-input--default">
      <!--v-if--><input data-v-82c69faf="" id="number-input" modelvalue="" label="Valor" state="default" type="number" placeholder="Digite aqui a informação" errormessage="Valor inválido" supportingtext="" fluid="false" tooltipicon="info-outline" supportlinkurl="https://cuida.framer.wiki/" floatinglabel="false" lazy="false" name="" disableautocomplete="off" class="base-input__field">
      <!--v-if-->
      <!--v-if-->
    </div>
    <!--v-if-->
    <!--v-if-->
  </div>
</div>"
`;
