// Vitest Snapshot v1

exports[`PieChart > renders correctly 1`] = `
VueWrapper {
  "__app": {
    "_component": [Object],
    "_container": <div … />,
    "_context": [Object],
    "_instance": [Object],
    "_props": null,
    "_uid": 0,
    "component": [Function],
    "config": [Object],
    "directive": [Function],
    "mixin": [Function],
    "mount": [Function],
    "provide": [Function],
    "unmount": [Function],
    "use": [Function],
    "version": "3.2.37",
  },
  "__setProps": [Function],
  "componentVM": {
    "addDataSetNames": [Function],
    "chartOptions": [Object],
    "colors": [Array],
    "computedBackgroundColors": [Array],
    "data": [Array],
    "deleteFirstTwoColors": false,
    "generateBackgroundColor": [Function],
    "hasOwnProperty": [Function],
    "isColorsSet": false,
    "labels": [Array],
    "localChartData": [Object],
    "localLabels": [Array],
    "mergeChartDataNoSelect": [Function],
    "palete": [Function],
    "paleteBuilder": [Function],
    "palletColors": [Array],
    "removeFirstTwoElements": [Function],
    "sassColorVariables": [Object],
    "setColors": [Function],
    "variant": "green",
  },
  "isDisabled": [Function],
  "rootVM": {},
  "wrapperElement": <span
    data-v-218ded1e=""
  >
    <div … />
  </span>,
}
`;
