// Vitest Snapshot v1

exports[`RadioButtonGroup > renders correctly 1`] = `"<span id=\\"radioButton\\" style=\\"--border-color-selected: #2051a7; --background-color: #FFFFFF; --display-vertical: inline-flex;\\" value=\\"\\"><div class=\\"\\"><div class=\\"\\" style=\\"\\"><label class=\\"radio-button\\" disabled=\\"true\\" for=\\"value1\\"><input id=\\"value1\\" type=\\"radio\\" disabled=\\"\\" value=\\"value1\\"><label class=\\"radio-button__content\\" for=\\"value1\\"><div class=\\"content-title\\">Component1</div><!--v-if--></label></label></div><div class=\\"\\" style=\\"\\"><label class=\\"radio-button\\" disabled=\\"false\\" for=\\"value2\\"><input id=\\"value2\\" type=\\"radio\\" value=\\"value2\\"><label class=\\"radio-button__content\\" for=\\"value2\\"><div class=\\"content-title\\">Component2</div><!--v-if--></label></label></div><div class=\\"\\" style=\\"\\"><label class=\\"radio-button\\" disabled=\\"false\\" for=\\"value3\\"><input id=\\"value3\\" type=\\"radio\\" value=\\"value3\\"><label class=\\"radio-button__content\\" for=\\"value3\\"><div class=\\"content-title\\">Component3</div><!--v-if--></label></label></div></div></span>"`;
