// Vitest Snapshot v1

exports[`Spacer snapshot test > renders correctly 1`] = `"<!--v-if-->"`;
