// Vitest Snapshot v1

exports[`SkeletonText > renders correctly 1`] = `"<div data-v-58efc24d=\\"\\" class=\\"skeleton__container\\" style=\\"--width: 300px; --height: 20px;\\"></div>"`;
